[debug] [2026-05-31T06:43:52.352Z] ----------------------------------------------------------------------
[debug] [2026-05-31T06:43:52.358Z] Command:       C:\Program Files\nodejs\node.exe C:\Users\hp\AppData\Roaming\npm\node_modules\firebase-tools\lib\bin\firebase.js init hosting
[debug] [2026-05-31T06:43:52.358Z] CLI Version:   15.19.0
[debug] [2026-05-31T06:43:52.359Z] Platform:      win32
[debug] [2026-05-31T06:43:52.359Z] Node Version:  v24.11.0
[debug] [2026-05-31T06:43:52.359Z] Time:          Sun May 31 2026 12:13:52 GMT+0530 (India Standard Time)
[debug] [2026-05-31T06:43:52.359Z] ----------------------------------------------------------------------
[debug] 
[info] 
     ######## #### ########  ######## ########     ###     ######  ########
     ##        ##  ##     ## ##       ##     ##  ##   ##  ##       ##
     ######    ##  ########  ######   ########  #########  ######  ######
     ##        ##  ##    ##  ##       ##     ## ##     ##       ## ##
     ##       #### ##     ## ######## ########  ##     ##  ######  ########

You're about to initialize a Firebase project in this directory:

  C:\Users\hp\OneDrive\Desktop\tiny crystals

[info] 
=== Project Setup
[info] 
[info] First, let's associate this project directory with a Firebase project.
[info] You can create multiple project aliases by running firebase use --add, 
[info] 
[debug] [2026-05-31T06:45:16.124Z] > command requires scopes: ["email","openid","https://www.googleapis.com/auth/cloudplatformprojects.readonly","https://www.googleapis.com/auth/firebase","https://www.googleapis.com/auth/cloud-platform"]
[debug] [2026-05-31T06:45:16.125Z] > authorizing via signed-in user (shivampagar22@gmail.com)
[debug] [2026-05-31T06:45:16.128Z] Checked if tokens are valid: true, expires at: 1780213223974
[debug] [2026-05-31T06:45:16.129Z] Checked if tokens are valid: true, expires at: 1780213223974
[debug] [2026-05-31T06:45:16.131Z] >>> [apiv2][query] GET https://firebase.googleapis.com/v1beta1/projects/tiny-crystals-jewllry [none]
[debug] [2026-05-31T06:45:16.640Z] <<< [apiv2][status] GET https://firebase.googleapis.com/v1beta1/projects/tiny-crystals-jewllry 200
[debug] [2026-05-31T06:45:16.641Z] <<< [apiv2][body] GET https://firebase.googleapis.com/v1beta1/projects/tiny-crystals-jewllry {"projectId":"tiny-crystals-jewllry","projectNumber":"680405900377","displayName":"tiny-crystals-jewllry","name":"projects/tiny-crystals-jewllry","resources":{"hostingSite":"tiny-crystals-jewllry"},"state":"ACTIVE","etag":"1_ee812e88-e3bf-47b2-88c6-290fd4c142be"}
[info] i  Using project tiny-crystals-jewllry (tiny-crystals-jewllry) . 
[info] 
=== Hosting Setup
[info] 
[debug] [2026-05-31T06:45:31.863Z] Checked if tokens are valid: true, expires at: 1780213223974
[debug] [2026-05-31T06:45:31.863Z] Checked if tokens are valid: true, expires at: 1780213223974
[debug] [2026-05-31T06:45:31.863Z] >>> [apiv2][query] GET https://firebase.googleapis.com/v1beta1/projects/tiny-crystals-jewllry [none]
[debug] [2026-05-31T06:45:32.571Z] <<< [apiv2][status] GET https://firebase.googleapis.com/v1beta1/projects/tiny-crystals-jewllry 200
[debug] [2026-05-31T06:45:32.572Z] <<< [apiv2][body] GET https://firebase.googleapis.com/v1beta1/projects/tiny-crystals-jewllry {"projectId":"tiny-crystals-jewllry","projectNumber":"680405900377","displayName":"tiny-crystals-jewllry","name":"projects/tiny-crystals-jewllry","resources":{"hostingSite":"tiny-crystals-jewllry"},"state":"ACTIVE","etag":"1_ee812e88-e3bf-47b2-88c6-290fd4c142be"}
[info] 
[info] Your public directory is the folder (relative to your project directory) that
[info] will contain Hosting assets to be uploaded with firebase deploy. If you
[info] have a build process for your assets, use your build's output directory.
[info] 
